
> my-project@0.1.0 build C:\Users\YC\Desktop\New folder\Fatty-Patty\fattypattyweb
> next build

node.exe : ΓÜá Warning: Next.js inferred your workspace root, but it may not 
be correct.
At C:\Users\YC\AppData\Roaming\npm\pnpm.ps1:24 char:5
+     & "node$exe"  "$basedir/node_modules/pnpm/bin/pnpm.cjs" $args
+     ~~~~~~~~~~~~~~~~~~~~~~~~~~~~~~~~~~~~~~~~~~~~~~~~~~~~~~~~~~~~~
    + CategoryInfo          : NotSpecified: (ΓÜá Warning: Ne...not be correct. 
   :String) [], RemoteException
    + FullyQualifiedErrorId : NativeCommandError
 
 We detected multiple lockfiles and selected the directory of 
C:\Users\YC\Desktop\New folder\Fatty-Patty\package-lock.json as the root 
directory.
 To silence this warning, set `turbopack.root` in your Next.js config, or 
consider removing one of the lockfiles if it's not needed.
   See https://nextjs.org/docs/app/api-reference/config/next-config-js/turbopac
k#root-directory for more information.
 Detected additional lockfiles: 
   * C:\Users\YC\Desktop\New folder\Fatty-Patty\fattypattyweb\pnpm-lock.yaml

Γû▓ Next.js 16.1.6 (Turbopack)
- Environments: .env.local

ΓÜá The "middleware" file convention is deprecated. Please use "proxy" 
instead. Learn more: https://nextjs.org/docs/messages/middleware-to-proxy
  Creating an optimized production build ...
Γ£ô Compiled successfully in 10.0s
  Skipping validation of types
  Collecting page data using 7 workers ...
  Generating static pages using 7 workers (0/47) ...
  Generating static pages using 7 workers (11/47) 
Error occurred prerendering page "/admin/branches". Read more: 
https://nextjs.org/docs/messages/prerender-error
Error: Missing Supabase environment variables. Please connect Supabase 
integration.
    at <unknown> (C:\Users\YC\Desktop\New folder\Fatty-Patty\fattypattyweb\.nex
t\server\chunks\ssr\fattypattyweb_dd1189bf._.js:55:292)
    at cu (C:\Users\YC\Desktop\New folder\Fatty-Patty\fattypattyweb\.next\serve
r\chunks\ssr\fattypattyweb_dd1189bf._.js:55:526)
    at <unknown> (C:\Users\YC\Desktop\New folder\Fatty-Patty\fattypattyweb\.nex
t\server\chunks\ssr\[root-of-the-server]__ba3039b1._.js:1:1613)
    at f (C:\Users\YC\Desktop\New folder\Fatty-Patty\fattypattyweb\.next\server
\chunks\ssr\[root-of-the-server]__ba3039b1._.js:1:1590) {
  digest: '3864032226'
}
Export encountered an error on /admin/branches/page: /admin/branches, exiting 
the build.
Γ¿» Next.js build worker exited with code: 1 and signal: null
ΓÇëELIFECYCLEΓÇë Command failed with exit code 1.
